=== Ansible verification ===

$ id retailapp
uid=999(retailapp) gid=986(retailapp) groups=986(retailapp)

$ ls -ld /opt/retail-inventory /opt/retail-inventory/releases /opt/retail-inventory/shared/data /var/log/retail-inventory /etc/retail-inventory
drwxr-x--- 2 root      retailapp 4096 Oct  6 10:58 /etc/retail-inventory
drwxr-xr-x 4 retailapp retailapp 4096 Oct  6 10:57 /opt/retail-inventory
drwxr-xr-x 2 retailapp retailapp 4096 Oct  6 10:57 /opt/retail-inventory/releases
drwxr-x--- 2 retailapp retailapp 4096 Oct  6 10:57 /opt/retail-inventory/shared/data
drwxr-x--- 2 retailapp retailapp 4096 Oct  6 10:58 /var/log/retail-inventory

$ node -v
v22.23.3

$ nginx -v
nginx version: nginx/1.28.3 (Ubuntu)

$ systemctl is-enabled retail-inventory
enabled

$ systemctl is-active nginx
active

$ ss -ltn (8300 only)
LISTEN 0      511           0.0.0.0:8300      0.0.0.0:*   

$ curl -s -o /dev/null -w "%{http_code}\n" http://127.0.0.1:8300/nginx-health
200

$ curl -s -o /dev/null -w "%{http_code}\n" http://127.0.0.1:8300/health
502

Note: /health returns 502 because the Node.js app is not deployed yet (retail-inventory is enabled but not started until Task 14).
